{
  "stacks": {
    "Open Sans Regular": {
      "glyphs": {
        "32": {
          "id": 32,
          "width": 0,
          "height": 0,
          "left": 0,
          "top": -26,
          "advance": 6
        },
        "33": {
          "id": 33,
          "width": 3,
          "height": 17,
          "left": 2,
          "top": -9,
          "advance": 6
        },
        "34": {
          "id": 34,
          "width": 6,
          "height": 6,
          "left": 2,
          "top": -9,
          "advance": 9
        },
        "35": {
          "id": 35,
          "width": 14,
          "height": 17,
          "left": 1,
          "top": -9,
          "advance": 15
        },
        "36": {
          "id": 36,
          "width": 10,
          "height": 19,
          "left": 2,
          "top": -8,
          "advance": 13
        },
        "37": {
          "id": 37,
          "width": 18,
          "height": 17,
          "left": 1,
          "top": -9,
          "advance": 19
        },
        "38": {
          "id": 38,
          "width": 16,
          "height": 17,
          "left": 1,
          "top": -9,
          "advance": 17
        },
        "39": {
          "id": 39,
          "width": 2,
          "height": 6,
          "left": 2,
          "top": -9,
          "advance": 5
        },
        "40": {
          "id": 40,
          "width": 5,
          "height": 21,
          "left": 1,
          "top": -9,
          "advance": 7
        },
        "41": {
          "id": 41,
          "width": 5,
          "height": 21,
          "left": 1,
          "top": -9,
          "advance": 7
        },
        "42": {
          "id": 42,
          "width": 11,
          "height": 11,
          "left": 1,
          "top": -8,
          "advance": 13
        },
        "43": {
          "id": 43,
          "width": 11,
          "height": 11,
          "left": 1,
          "top": -12,
          "advance": 13
        },
        "44": {
          "id": 44,
          "width": 3,
          "height": 6,
          "left": 1,
          "top": -23,
          "advance": 5
        },
        "45": {
          "id": 45,
          "width": 6,
          "height": 1,
          "left": 1,
          "top": -19,
          "advance": 7
        },
        "46": {
          "id": 46,
          "width": 3,
          "height": 3,
          "left": 2,
          "top": -23,
          "advance": 6
        },
        "47": {
          "id": 47,
          "width": 9,
          "height": 17,
          "left": 0,
          "top": -9,
          "advance": 8
        },
        "48": {
          "id": 48,
          "width": 12,
          "height": 17,
          "left": 1,
          "top": -9,
          "advance": 13
        },
        "49": {
          "id": 49,
          "width": 6,
          "height": 17,
          "left": 2,
          "top": -9,
          "advance": 13
        },
        "50": {
          "id": 50,
          "width": 11,
          "height": 17,
          "left": 1,
          "top": -9,
          "advance": 13
        },
        "51": {
          "id": 51,
          "width": 11,
          "height": 17,
          "left": 1,
          "top": -9,
          "advance": 13
        },
        "52": {
          "id": 52,
          "width": 12,
          "height": 17,
          "left": 1,
          "top": -9,
          "advance": 13
        },
        "53": {
          "id": 53,
          "width": 10,
          "height": 17,
          "left": 2,
          "top": -9,
          "advance": 13
        },
        "54": {
          "id": 54,
          "width": 12,
          "height": 17,
          "left": 1,
          "top": -9,
          "advance": 13
        },
        "55": {
          "id": 55,
          "width": 12,
          "height": 17,
          "left": 1,
          "top": -9,
          "advance": 13
        },
        "56": {
          "id": 56,
          "width": 11,
          "height": 17,
          "left": 1,
          "top": -9,
          "advance": 13
        },
        "57": {
          "id": 57,
          "width": 11,
          "height": 17,
          "left": 1,
          "top": -9,
          "advance": 13
        },
        "58": {
          "id": 58,
          "width": 3,
          "height": 13,
          "left": 2,
          "top": -13,
          "advance": 6
        },
        "59": {
          "id": 59,
          "width": 4,
          "height": 16,
          "left": 1,
          "top": -13,
          "advance": 6
        },
        "60": {
          "id": 60,
          "width": 11,
          "height": 12,
          "left": 1,
          "top": -11,
          "advance": 13
        },
        "61": {
          "id": 61,
          "width": 11,
          "height": 7,
          "left": 1,
          "top": -14,
          "advance": 13
        },
        "62": {
          "id": 62,
          "width": 11,
          "height": 12,
          "left": 1,
          "top": -11,
          "advance": 13
        },
        "63": {
          "id": 63,
          "width": 10,
          "height": 17,
          "left": 0,
          "top": -9,
          "advance": 10
        },
        "64": {
          "id": 64,
          "width": 19,
          "height": 19,
          "left": 1,
          "top": -9,
          "advance": 21
        },
        "65": {
          "id": 65,
          "width": 15,
          "height": 17,
          "left": 0,
          "top": -9,
          "advance": 15
        },
        "66": {
          "id": 66,
          "width": 12,
          "height": 17,
          "left": 2,
          "top": -9,
          "advance": 15
        },
        "67": {
          "id": 67,
          "width": 13,
          "height": 17,
          "left": 1,
          "top": -9,
          "advance": 15
        },
        "68": {
          "id": 68,
          "width": 14,
          "height": 17,
          "left": 2,
          "top": -9,
          "advance": 17
        },
        "69": {
          "id": 69,
          "width": 10,
          "height": 17,
          "left": 2,
          "top": -9,
          "advance": 13
        },
        "70": {
          "id": 70,
          "width": 10,
          "height": 17,
          "left": 2,
          "top": -9,
          "advance": 12
        },
        "71": {
          "id": 71,
          "width": 15,
          "height": 17,
          "left": 1,
          "top": -9,
          "advance": 17
        },
        "72": {
          "id": 72,
          "width": 13,
          "height": 17,
          "left": 2,
          "top": -9,
          "advance": 17
        },
        "73": {
          "id": 73,
          "width": 2,
          "height": 17,
          "left": 2,
          "top": -9,
          "advance": 6
        },
        "74": {
          "id": 74,
          "width": 6,
          "height": 22,
          "left": -2,
          "top": -9,
          "advance": 6
        },
        "75": {
          "id": 75,
          "width": 13,
          "height": 17,
          "left": 2,
          "top": -9,
          "advance": 14
        },
        "76": {
          "id": 76,
          "width": 10,
          "height": 17,
          "left": 2,
          "top": -9,
          "advance": 12
        },
        "77": {
          "id": 77,
          "width": 17,
          "height": 17,
          "left": 2,
          "top": -9,
          "advance": 21
        },
        "78": {
          "id": 78,
          "width": 14,
          "height": 17,
          "left": 2,
          "top": -9,
          "advance": 18
        },
        "79": {
          "id": 79,
          "width": 16,
          "height": 17,
          "left": 1,
          "top": -9,
          "advance": 18
        },
        "80": {
          "id": 80,
          "width": 11,
          "height": 17,
          "left": 2,
          "top": -9,
          "advance": 14
        },
        "81": {
          "id": 81,
          "width": 16,
          "height": 21,
          "left": 1,
          "top": -9,
          "advance": 18
        },
        "82": {
          "id": 82,
          "width": 12,
          "height": 17,
          "left": 2,
          "top": -9,
          "advance": 14
        },
        "83": {
          "id": 83,
          "width": 11,
          "height": 17,
          "left": 1,
          "top": -9,
          "advance": 13
        },
        "84": {
          "id": 84,
          "width": 13,
          "height": 17,
          "left": 0,
          "top": -9,
          "advance": 13
        },
        "85": {
          "id": 85,
          "width": 13,
          "height": 17,
          "left": 2,
          "top": -9,
          "advance": 17
        },
        "86": {
          "id": 86,
          "width": 14,
          "height": 17,
          "left": 0,
          "top": -9,
          "advance": 14
        },
        "87": {
          "id": 87,
          "width": 22,
          "height": 17,
          "left": 0,
          "top": -9,
          "advance": 22
        },
        "88": {
          "id": 88,
          "width": 14,
          "height": 17,
          "left": 0,
          "top": -9,
          "advance": 13
        },
        "89": {
          "id": 89,
          "width": 13,
          "height": 17,
          "left": 0,
          "top": -9,
          "advance": 13
        },
        "90": {
          "id": 90,
          "width": 12,
          "height": 17,
          "left": 1,
          "top": -9,
          "advance": 13
        },
        "91": {
          "id": 91,
          "width": 5,
          "height": 21,
          "left": 2,
          "top": -9,
          "advance": 7
        },
        "92": {
          "id": 92,
          "width": 9,
          "height": 17,
          "left": 0,
          "top": -9,
          "advance": 8
        },
        "93": {
          "id": 93,
          "width": 5,
          "height": 21,
          "left": 1,
          "top": -9,
          "advance": 7
        },
        "94": {
          "id": 94,
          "width": 11,
          "height": 11,
          "left": 1,
          "top": -9,
          "advance": 13
        },
        "95": {
          "id": 95,
          "width": 11,
          "height": 2,
          "left": 0,
          "top": -28,
          "advance": 10
        },
        "96": {
          "id": 96,
          "width": 4,
          "height": 3,
          "left": 5,
          "top": -8,
          "advance": 13
        },
        "97": {
          "id": 97,
          "width": 10,
          "height": 13,
          "left": 1,
          "top": -13,
          "advance": 13
        },
        "98": {
          "id": 98,
          "width": 11,
          "height": 18,
          "left": 2,
          "top": -8,
          "advance": 14
        },
        "99": {
          "id": 99,
          "width": 10,
          "height": 13,
          "left": 1,
          "top": -13,
          "advance": 11
        },
        "100": {
          "id": 100,
          "width": 12,
          "height": 18,
          "left": 1,
          "top": -8,
          "advance": 14
        },
        "101": {
          "id": 101,
          "width": 11,
          "height": 13,
          "left": 1,
          "top": -13,
          "advance": 13
        },
        "102": {
          "id": 102,
          "width": 9,
          "height": 18,
          "left": 0,
          "top": -8,
          "advance": 8
        },
        "103": {
          "id": 103,
          "width": 13,
          "height": 19,
          "left": 0,
          "top": -13,
          "advance": 13
        },
        "104": {
          "id": 104,
          "width": 11,
          "height": 18,
          "left": 2,
          "top": -8,
          "advance": 14
        },
        "105": {
          "id": 105,
          "width": 2,
          "height": 18,
          "left": 2,
          "top": -8,
          "advance": 6
        },
        "106": {
          "id": 106,
          "width": 5,
          "height": 24,
          "left": -1,
          "top": -8,
          "advance": 6
        },
        "107": {
          "id": 107,
          "width": 10,
          "height": 18,
          "left": 2,
          "top": -8,
          "advance": 12
        },
        "108": {
          "id": 108,
          "width": 2,
          "height": 18,
          "left": 2,
          "top": -8,
          "advance": 6
        },
        "109": {
          "id": 109,
          "width": 18,
          "height": 13,
          "left": 2,
          "top": -13,
          "advance": 22
        },
        "110": {
          "id": 110,
          "width": 11,
          "height": 13,
          "left": 2,
          "top": -13,
          "advance": 14
        },
        "111": {
          "id": 111,
          "width": 12,
          "height": 13,
          "left": 1,
          "top": -13,
          "advance": 14
        },
        "112": {
          "id": 112,
          "width": 11,
          "height": 19,
          "left": 2,
          "top": -13,
          "advance": 14
        },
        "113": {
          "id": 113,
          "width": 12,
          "height": 19,
          "left": 1,
          "top": -13,
          "advance": 14
        },
        "114": {
          "id": 114,
          "width": 7,
          "height": 13,
          "left": 2,
          "top": -13,
          "advance": 9
        },
        "115": {
          "id": 115,
          "width": 9,
          "height": 13,
          "left": 1,
          "top": -13,
          "advance": 11
        },
        "116": {
          "id": 116,
          "width": 8,
          "height": 16,
          "left": 0,
          "top": -10,
          "advance": 8
        },
        "117": {
          "id": 117,
          "width": 11,
          "height": 13,
          "left": 2,
          "top": -13,
          "advance": 14
        },
        "118": {
          "id": 118,
          "width": 12,
          "height": 13,
          "left": 0,
          "top": -13,
          "advance": 12
        },
        "119": {
          "id": 119,
          "width": 18,
          "height": 13,
          "left": 0,
          "top": -13,
          "advance": 18
        },
        "120": {
          "id": 120,
          "width": 12,
          "height": 13,
          "left": 0,
          "top": -13,
          "advance": 12
        },
        "121": {
          "id": 121,
          "width": 12,
          "height": 19,
          "left": 0,
          "top": -13,
          "advance": 12
        },
        "122": {
          "id": 122,
          "width": 9,
          "height": 13,
          "left": 1,
          "top": -13,
          "advance": 11
        },
        "123": {
          "id": 123,
          "width": 7,
          "height": 21,
          "left": 1,
          "top": -9,
          "advance": 9
        },
        "124": {
          "id": 124,
          "width": 1,
          "height": 24,
          "left": 6,
          "top": -8,
          "advance": 13
        },
        "125": {
          "id": 125,
          "width": 7,
          "height": 21,
          "left": 1,
          "top": -9,
          "advance": 9
        },
        "126": {
          "id": 126,
          "width": 11,
          "height": 3,
          "left": 1,
          "top": -16,
          "advance": 13
        },
        "160": {
          "id": 160,
          "width": 0,
          "height": 0,
          "left": 0,
          "top": -26,
          "advance": 6
        },
        "161": {
          "id": 161,
          "width": 3,
          "height": 17,
          "left": 2,
          "top": -13,
          "advance": 6
        },
        "162": {
          "id": 162,
          "width": 10,
          "height": 17,
          "left": 2,
          "top": -9,
          "advance": 13
        },
        "163": {
          "id": 163,
          "width": 12,
          "height": 17,
          "left": 1,
          "top": -9,
          "advance": 13
        },
        "164": {
          "id": 164,
          "width": 11,
          "height": 11,
          "left": 1,
          "top": -12,
          "advance": 13
        },
        "165": {
          "id": 165,
          "width": 13,
          "height": 17,
          "left": 0,
          "top": -9,
          "advance": 13
        },
        "166": {
          "id": 166,
          "width": 1,
          "height": 24,
          "left": 6,
          "top": -8,
          "advance": 13
        },
        "167": {
          "id": 167,
          "width": 10,
          "height": 18,
          "left": 1,
          "top": -8,
          "advance": 12
        },
        "168": {
          "id": 168,
          "width": 6,
          "height": 2,
          "left": 4,
          "top": -9,
          "advance": 13
        },
        "169": {
          "id": 169,
          "width": 18,
          "height": 17,
          "left": 1,
          "top": -9,
          "advance": 19
        },
        "170": {
          "id": 170,
          "width": 6,
          "height": 8,
          "left": 1,
          "top": -9,
          "advance": 8
        },
        "171": {
          "id": 171,
          "width": 10,
          "height": 10,
          "left": 1,
          "top": -15,
          "advance": 11
        },
        "172": {
          "id": 172,
          "width": 11,
          "height": 6,
          "left": 1,
          "top": -17,
          "advance": 13
        },
        "173": {
          "id": 173,
          "width": 6,
          "height": 1,
          "left": 1,
          "top": -19,
          "advance": 7
        },
        "174": {
          "id": 174,
          "width": 18,
          "height": 17,
          "left": 1,
          "top": -9,
          "advance": 19
        },
        "175": {
          "id": 175,
          "width": 12,
          "height": 2,
          "left": 0,
          "top": -6,
          "advance": 12
        },
        "176": {
          "id": 176,
          "width": 8,
          "height": 7,
          "left": 1,
          "top": -9,
          "advance": 10
        },
        "177": {
          "id": 177,
          "width": 11,
          "height": 14,
          "left": 1,
          "top": -12,
          "advance": 13
        },
        "178": {
          "id": 178,
          "width": 7,
          "height": 10,
          "left": 1,
          "top": -9,
          "advance": 8
        },
        "179": {
          "id": 179,
          "width": 8,
          "height": 10,
          "left": 0,
          "top": -9,
          "advance": 8
        },
        "180": {
          "id": 180,
          "width": 4,
          "height": 3,
          "left": 5,
          "top": -8,
          "advance": 13
        },
        "181": {
          "id": 181,
          "width": 11,
          "height": 19,
          "left": 2,
          "top": -13,
          "advance": 14
        },
        "182": {
          "id": 182,
          "width": 12,
          "height": 21,
          "left": 1,
          "top": -8,
          "advance": 15
        },
        "183": {
          "id": 183,
          "width": 3,
          "height": 3,
          "left": 2,
          "top": -16,
          "advance": 6
        },
        "184": {
          "id": 184,
          "width": 5,
          "height": 6,
          "left": 0,
          "top": -26,
          "advance": 5
        },
        "185": {
          "id": 185,
          "width": 5,
          "height": 10,
          "left": 1,
          "top": -9,
          "advance": 8
        },
        "186": {
          "id": 186,
          "width": 7,
          "height": 8,
          "left": 1,
          "top": -9,
          "advance": 9
        },
        "187": {
          "id": 187,
          "width": 10,
          "height": 10,
          "left": 1,
          "top": -15,
          "advance": 11
        },
        "188": {
          "id": 188,
          "width": 16,
          "height": 17,
          "left": 1,
          "top": -9,
          "advance": 18
        },
        "189": {
          "id": 189,
          "width": 17,
          "height": 17,
          "left": 1,
          "top": -9,
          "advance": 18
        },
        "190": {
          "id": 190,
          "width": 18,
          "height": 17,
          "left": 0,
          "top": -9,
          "advance": 18
        },
        "191": {
          "id": 191,
          "width": 9,
          "height": 18,
          "left": 1,
          "top": -13,
          "advance": 10
        },
        "192": {
          "id": 192,
          "width": 15,
          "height": 22,
          "left": 0,
          "top": -4,
          "advance": 15
        },
        "193": {
          "id": 193,
          "width": 15,
          "height": 22,
          "left": 0,
          "top": -4,
          "advance": 15
        },
        "194": {
          "id": 194,
          "width": 15,
          "height": 22,
          "left": 0,
          "top": -4,
          "advance": 15
        },
        "195": {
          "id": 195,
          "width": 15,
          "height": 22,
          "left": 0,
          "top": -4,
          "advance": 15
        },
        "196": {
          "id": 196,
          "width": 15,
          "height": 21,
          "left": 0,
          "top": -5,
          "advance": 15
        },
        "197": {
          "id": 197,
          "width": 15,
          "height": 22,
          "left": 0,
          "top": -4,
          "advance": 15
        },
        "198": {
          "id": 198,
          "width": 20,
          "height": 17,
          "left": 0,
          "top": -9,
          "advance": 20
        },
        "199": {
          "id": 199,
          "width": 13,
          "height": 23,
          "left": 1,
          "top": -9,
          "advance": 15
        },
        "200": {
          "id": 200,
          "width": 10,
          "height": 22,
          "left": 2,
          "top": -4,
          "advance": 13
        },
        "201": {
          "id": 201,
          "width": 10,
          "height": 22,
          "left": 2,
          "top": -4,
          "advance": 13
        },
        "202": {
          "id": 202,
          "width": 10,
          "height": 22,
          "left": 2,
          "top": -4,
          "advance": 13
        },
        "203": {
          "id": 203,
          "width": 10,
          "height": 21,
          "left": 2,
          "top": -5,
          "advance": 13
        },
        "204": {
          "id": 204,
          "width": 4,
          "height": 22,
          "left": 0,
          "top": -4,
          "advance": 6
        },
        "205": {
          "id": 205,
          "width": 4,
          "height": 22,
          "left": 2,
          "top": -4,
          "advance": 6
        },
        "206": {
          "id": 206,
          "width": 8,
          "height": 22,
          "left": -1,
          "top": -4,
          "advance": 6
        },
        "207": {
          "id": 207,
          "width": 6,
          "height": 21,
          "left": 0,
          "top": -5,
          "advance": 6
        },
        "208": {
          "id": 208,
          "width": 15,
          "height": 17,
          "left": 1,
          "top": -9,
          "advance": 17
        },
        "209": {
          "id": 209,
          "width": 14,
          "height": 22,
          "left": 2,
          "top": -4,
          "advance": 18
        },
        "210": {
          "id": 210,
          "width": 16,
          "height": 22,
          "left": 1,
          "top": -4,
          "advance": 18
        },
        "211": {
          "id": 211,
          "width": 16,
          "height": 22,
          "left": 1,
          "top": -4,
          "advance": 18
        },
        "212": {
          "id": 212,
          "width": 16,
          "height": 22,
          "left": 1,
          "top": -4,
          "advance": 18
        },
        "213": {
          "id": 213,
          "width": 16,
          "height": 22,
          "left": 1,
          "top": -4,
          "advance": 18
        },
        "214": {
          "id": 214,
          "width": 16,
          "height": 21,
          "left": 1,
          "top": -5,
          "advance": 18
        },
        "215": {
          "id": 215,
          "width": 10,
          "height": 11,
          "left": 2,
          "top": -12,
          "advance": 13
        },
        "216": {
          "id": 216,
          "width": 16,
          "height": 19,
          "left": 1,
          "top": -8,
          "advance": 18
        },
        "217": {
          "id": 217,
          "width": 13,
          "height": 22,
          "left": 2,
          "top": -4,
          "advance": 17
        },
        "218": {
          "id": 218,
          "width": 13,
          "height": 22,
          "left": 2,
          "top": -4,
          "advance": 17
        },
        "219": {
          "id": 219,
          "width": 13,
          "height": 22,
          "left": 2,
          "top": -4,
          "advance": 17
        },
        "220": {
          "id": 220,
          "width": 13,
          "height": 21,
          "left": 2,
          "top": -5,
          "advance": 17
        },
        "221": {
          "id": 221,
          "width": 13,
          "height": 22,
          "left": 0,
          "top": -4,
          "advance": 13
        },
        "222": {
          "id": 222,
          "width": 11,
          "height": 17,
          "left": 2,
          "top": -9,
          "advance": 14
        },
        "223": {
          "id": 223,
          "width": 12,
          "height": 18,
          "left": 2,
          "top": -8,
          "advance": 14
        },
        "224": {
          "id": 224,
          "width": 10,
          "height": 18,
          "left": 1,
          "top": -8,
          "advance": 13
        },
        "225": {
          "id": 225,
          "width": 10,
          "height": 18,
          "left": 1,
          "top": -8,
          "advance": 13
        },
        "226": {
          "id": 226,
          "width": 10,
          "height": 18,
          "left": 1,
          "top": -8,
          "advance": 13
        },
        "227": {
          "id": 227,
          "width": 10,
          "height": 18,
          "left": 1,
          "top": -8,
          "advance": 13
        },
        "228": {
          "id": 228,
          "width": 10,
          "height": 17,
          "left": 1,
          "top": -9,
          "advance": 13
        },
        "229": {
          "id": 229,
          "width": 10,
          "height": 20,
          "left": 1,
          "top": -6,
          "advance": 13
        },
        "230": {
          "id": 230,
          "width": 18,
          "height": 13,
          "left": 1,
          "top": -13,
          "advance": 20
        },
        "231": {
          "id": 231,
          "width": 10,
          "height": 19,
          "left": 1,
          "top": -13,
          "advance": 11
        },
        "232": {
          "id": 232,
          "width": 11,
          "height": 18,
          "left": 1,
          "top": -8,
          "advance": 13
        },
        "233": {
          "id": 233,
          "width": 11,
          "height": 18,
          "left": 1,
          "top": -8,
          "advance": 13
        },
        "234": {
          "id": 234,
          "width": 11,
          "height": 18,
          "left": 1,
          "top": -8,
          "advance": 13
        },
        "235": {
          "id": 235,
          "width": 11,
          "height": 17,
          "left": 1,
          "top": -9,
          "advance": 13
        },
        "236": {
          "id": 236,
          "width": 4,
          "height": 18,
          "left": 0,
          "top": -8,
          "advance": 6
        },
        "237": {
          "id": 237,
          "width": 4,
          "height": 18,
          "left": 2,
          "top": -8,
          "advance": 6
        },
        "238": {
          "id": 238,
          "width": 8,
          "height": 18,
          "left": -1,
          "top": -8,
          "advance": 6
        },
        "239": {
          "id": 239,
          "width": 6,
          "height": 17,
          "left": 0,
          "top": -9,
          "advance": 6
        },
        "240": {
          "id": 240,
          "width": 12,
          "height": 18,
          "left": 1,
          "top": -8,
          "advance": 14
        },
        "241": {
          "id": 241,
          "width": 11,
          "height": 18,
          "left": 2,
          "top": -8,
          "advance": 14
        },
        "242": {
          "id": 242,
          "width": 12,
          "height": 18,
          "left": 1,
          "top": -8,
          "advance": 14
        },
        "243": {
          "id": 243,
          "width": 12,
          "height": 18,
          "left": 1,
          "top": -8,
          "advance": 14
        },
        "244": {
          "id": 244,
          "width": 12,
          "height": 18,
          "left": 1,
          "top": -8,
          "advance": 14
        },
        "245": {
          "id": 245,
          "width": 12,
          "height": 18,
          "left": 1,
          "top": -8,
          "advance": 14
        },
        "246": {
          "id": 246,
          "width": 12,
          "height": 17,
          "left": 1,
          "top": -9,
          "advance": 14
        },
        "247": {
          "id": 247,
          "width": 11,
          "height": 11,
          "left": 1,
          "top": -12,
          "advance": 13
        },
        "248": {
          "id": 248,
          "width": 12,
          "height": 15,
          "left": 1,
          "top": -12,
          "advance": 14
        },
        "249": {
          "id": 249,
          "width": 11,
          "height": 18,
          "left": 2,
          "top": -8,
          "advance": 14
        },
        "250": {
          "id": 250,
          "width": 11,
          "height": 18,
          "left": 2,
          "top": -8,
          "advance": 14
        },
        "251": {
          "id": 251,
          "width": 11,
          "height": 18,
          "left": 2,
          "top": -8,
          "advance": 14
        },
        "252": {
          "id": 252,
          "width": 11,
          "height": 17,
          "left": 2,
          "top": -9,
          "advance": 14
        },
        "253": {
          "id": 253,
          "width": 12,
          "height": 24,
          "left": 0,
          "top": -8,
          "advance": 12
        },
        "254": {
          "id": 254,
          "width": 11,
          "height": 24,
          "left": 2,
          "top": -8,
          "advance": 14
        },
        "255": {
          "id": 255,
          "width": 12,
          "height": 23,
          "left": 0,
          "top": -9,
          "advance": 12
        },
        "256": {
          "id": 256,
          "width": 15,
          "height": 20,
          "left": 0,
          "top": -6,
          "advance": 15
        }
      },
      "name": "Open Sans Regular",
      "range": "0-256"
    }
  }
}